// Jest Snapshot v1, https://goo.gl/fbAQLP

exports[`Layout renders children correctly 1`] = `
<div
  className="root"
>
  <div
    className="root"
  >
    <div
      className="wrapper root"
    >
      <typescript-logo.svg
        className="logo"
      />
      <h2
        className="title"
      >
        Typescript React Starter Kit
      </h2>
      <div
        className="placeholder"
      />
      <ul
        className="menu"
      >
        <li>
          <a
            href="https://github.com/async3619/typescript-react-starter-kit"
            rel="noopener noreferrer"
            target="_blank"
          >
            GitHub
          </a>
        </li>
      </ul>
    </div>
  </div>
  <div
    className="root"
  >
    <div
      className="root"
    >
      <h1
        className="title"
      >
        Typescript React Starter Kit
      </h1>
      <h2
        className="subtitle"
      >
        Easier setting up project with essential features
      </h2>
    </div>
    <div
      className="bg"
    >
      <div
        className="bgWrapper root"
      >
        <div
          className="logoWrapper"
        >
          <div
            className="reactWrapper"
          >
            <logo.svg
              className="logo"
            />
          </div>
          <typescript-logo.svg
            className="logo typescript"
          />
        </div>
      </div>
    </div>
  </div>
  <main
    className="content"
  >
    <div
      className="root"
    >
      <div
        className="child"
      />
    </div>
  </main>
  <div
    className="root"
  >
    <div
      className="root"
    >
      <span
        className="copyright"
      >
        Â© 2019 Sophia &lt;async3619@naver.com&gt;
      </span>
    </div>
  </div>
</div>
`;
